// Jest Snapshot v1, https://goo.gl/fbAQLP

exports[`renders correctly 1`] = `
<div
  className="element"
  onClick={[Function]}
>
  <span />
  <button
    disabled={true}
    onClick={[Function]}
  >
    Удалить
  </button>
  <button
    disabled={true}
    onClick={[Function]}
  >
    Редактировать
  </button>
</div>
`;
